<function print_reports at 0x104a828c0>
